// Jest Snapshot v1, https://goo.gl/fbAQLP

exports[`API is called 1`] = `undefined`;

exports[`matches snapshot 1`] = `undefined`;
